TAP version 13
# Subtest: Bridge: authenticated request waits for a one-time callback and returns only two fields
ok 1 - Bridge: authenticated request waits for a one-time callback and returns only two fields
  ---
  duration_ms: 59.127108
  type: 'test'
  ...
# Subtest: Bridge: master bearer token cannot impersonate the confidential callback
ok 2 - Bridge: master bearer token cannot impersonate the confidential callback
  ---
  duration_ms: 12.455166
  type: 'test'
  ...
# Subtest: Bridge: duplicate callbacks cannot change an accepted decision
ok 3 - Bridge: duplicate callbacks cannot change an accepted decision
  ---
  duration_ms: 10.908709
  type: 'test'
  ...
# Subtest: Bridge: acknowledged invocation without callback times out closed
ok 4 - Bridge: acknowledged invocation without callback times out closed
  ---
  duration_ms: 35.811196
  type: 'test'
  ...
# Subtest: Bridge: a hung gateway cannot keep an order pending indefinitely
ok 5 - Bridge: a hung gateway cannot keep an order pending indefinitely
  ---
  duration_ms: 34.343229
  type: 'test'
  ...
# Subtest: Bridge: callback cannot override a rejected gateway invocation
ok 6 - Bridge: callback cannot override a rejected gateway invocation
  ---
  duration_ms: 4.774895
  type: 'test'
  ...
# Subtest: Bridge: denial has a zero size and no local fallback
ok 7 - Bridge: denial has a zero size and no local fallback
  ---
  duration_ms: 3.933777
  type: 'test'
  ...
# Subtest: Bridge: invalid callback result is rejected before resolving the request
ok 8 - Bridge: invalid callback result is rejected before resolving the request
  ---
  duration_ms: 8.59618
  type: 'test'
  ...
# Subtest: Bridge: authentication is required before invoking CRE
ok 9 - Bridge: authentication is required before invoking CRE
  ---
  duration_ms: 2.8707
  type: 'test'
  ...
# Subtest: Bridge: invalid size is rejected: 0
ok 10 - Bridge: invalid size is rejected: 0
  ---
  duration_ms: 2.681986
  type: 'test'
  ...
# Subtest: Bridge: invalid size is rejected: -1
ok 11 - Bridge: invalid size is rejected: -1
  ---
  duration_ms: 2.657414
  type: 'test'
  ...
# Subtest: Bridge: invalid size is rejected: NaN
ok 12 - Bridge: invalid size is rejected: NaN
  ---
  duration_ms: 2.092386
  type: 'test'
  ...
# Subtest: Bridge: invalid size is rejected: 1e3
ok 13 - Bridge: invalid size is rejected: 1e3
  ---
  duration_ms: 4.265091
  type: 'test'
  ...
# Subtest: Bridge: invalid size is rejected: 1.1234567
ok 14 - Bridge: invalid size is rejected: 1.1234567
  ---
  duration_ms: 2.225945
  type: 'test'
  ...
# Subtest: Bridge: invalid size is rejected: 1000
ok 15 - Bridge: invalid size is rejected: 1000
  ---
  duration_ms: 1.829984
  type: 'test'
  ...
# Subtest: Bridge: request cannot select a workflow, callback destination or cap
ok 16 - Bridge: request cannot select a workflow, callback destination or cap
  ---
  duration_ms: 4.446258
  type: 'test'
  ...
# Subtest: Bridge: browser-origin requests, non-JSON bodies and oversized bodies are rejected
ok 17 - Bridge: browser-origin requests, non-JSON bodies and oversized bodies are rejected
  ---
  duration_ms: 4.534679
  type: 'test'
  ...
# Subtest: Bridge: hostile Host is rejected using a real native HTTP request
ok 18 - Bridge: hostile Host is rejected using a real native HTTP request
  ---
  duration_ms: 4.095379
  type: 'test'
  ...
# Subtest: Bridge: public health contains no workflow IDs or configuration
ok 19 - Bridge: public health contains no workflow IDs or configuration
  ---
  duration_ms: 2.86007
  type: 'test'
  ...
# Subtest: Bridge: global authenticated quota is enforced
ok 20 - Bridge: global authenticated quota is enforced
  ---
  duration_ms: 5.622105
  type: 'test'
  ...
# Subtest: Bridge: concurrent request bound and caller-abort cleanup
ok 21 - Bridge: concurrent request bound and caller-abort cleanup
  ---
  duration_ms: 13.089178
  type: 'test'
  ...
# Subtest: Bridge: incomplete or weak configuration cannot start
ok 22 - Bridge: incomplete or weak configuration cannot start
  ---
  duration_ms: 0.434515
  type: 'test'
  ...
# Subtest: Gateway: canonical JSON is recursively sorted without changing array order
ok 23 - Gateway: canonical JSON is recursively sorted without changing array order
  ---
  duration_ms: 0.217463
  type: 'test'
  ...
# Subtest: Gateway: JWT binds the exact body, expiry and signer; recovery byte is normalized
ok 24 - Gateway: JWT binds the exact body, expiry and signer; recovery byte is normalized
  ---
  duration_ms: 0.584431
  type: 'test'
  ...
# Subtest: Gateway: malformed signatures are rejected
ok 25 - Gateway: malformed signatures are rejected
  ---
  duration_ms: 0.447602
  type: 'test'
  ...
# Subtest: Gateway: sends only to the fixed registry gateway and validates acknowledgement
ok 26 - Gateway: sends only to the fixed registry gateway and validates acknowledgement
  ---
  duration_ms: 1.526391
  type: 'test'
  ...
# Subtest: Gateway: rejects mismatched or failed acknowledgement: requestId
ok 27 - Gateway: rejects mismatched or failed acknowledgement: requestId
  ---
  duration_ms: 0.738089
  type: 'test'
  ...
# Subtest: Gateway: rejects mismatched or failed acknowledgement: workflowId
ok 28 - Gateway: rejects mismatched or failed acknowledgement: workflowId
  ---
  duration_ms: 0.386039
  type: 'test'
  ...
# Subtest: Gateway: rejects mismatched or failed acknowledgement: status
ok 29 - Gateway: rejects mismatched or failed acknowledgement: status
  ---
  duration_ms: 0.404122
  type: 'test'
  ...
# Subtest: Gateway: rejects mismatched or failed acknowledgement: error
ok 30 - Gateway: rejects mismatched or failed acknowledgement: error
  ---
  duration_ms: 0.388506
  type: 'test'
  ...
# Subtest: Gateway: rejects mismatched or failed acknowledgement: method
ok 31 - Gateway: rejects mismatched or failed acknowledgement: method
  ---
  duration_ms: 0.307068
  type: 'test'
  ...
# Subtest: Gateway: network or signer failures never leak exception text
ok 32 - Gateway: network or signer failures never leak exception text
  ---
  duration_ms: 0.461279
  type: 'test'
  ...
# Subtest: Gateway: oversized JSON cannot be accepted
ok 33 - Gateway: oversized JSON cannot be accepted
  ---
  duration_ms: 0.512604
  type: 'test'
  ...
# Subtest: Gateway: hung signer is bounded before making a network request
ok 34 - Gateway: hung signer is bounded before making a network request
  ---
  duration_ms: 10.211795
  type: 'test'
  ...
# Subtest: TEE shared policy: integer clipping and valid zero-cap denial
ok 35 - TEE shared policy: integer clipping and valid zero-cap denial
  ---
  duration_ms: 0.290933
  type: 'test'
  ...
# Subtest: TEE shared policy: exact HTTPS callback endpoint only
ok 36 - TEE shared policy: exact HTTPS callback endpoint only
  ---
  duration_ms: 0.491975
  type: 'test'
  ...
# Subtest: TEE shared policy: exact fresh correlation envelope and per-request token
ok 37 - TEE shared policy: exact fresh correlation envelope and per-request token
  ---
  duration_ms: 0.607949
  type: 'test'
  ...
1..37
# tests 37
# suites 0
# pass 37
# fail 0
# cancelled 0
# skipped 0
# todo 0
# duration_ms 343.986646
