✔ USDC parsing is exactly six decimals, shares eighteen (1.739263ms)
✔ reject malformed decimal "-1" (0.361173ms)
✔ reject malformed decimal "1e6" (0.134963ms)
✔ reject malformed decimal "NaN" (0.15389ms)
✔ reject malformed decimal "Infinity" (0.143432ms)
✔ reject malformed decimal "+1" (0.12357ms)
✔ reject malformed decimal "01" (0.214589ms)
✔ reject malformed decimal "1.1234567" (0.166462ms)
✔ reject malformed decimal "" (0.15483ms)
✔ reject malformed decimal ".5" (1.475754ms)
✔ reject malformed decimal "0" (0.150853ms)
✔ reject malformed decimal "1..1" (0.136704ms)
✔ reject malformed decimal "<script>" (0.073088ms)
✔ decimal formatter preserves cents and sign without floating point (0.237426ms)
✔ starting stats come from reserves, not four UI constants (0.441706ms)
✔ binary YES buy moves P and all conditional outputs without changing share mids (2.926746ms)
✔ binary NO buy reduces P (0.384839ms)
✔ asset YES buy moves share price and implied spot (0.355448ms)
✔ asset NO buy moves no-world price (0.227111ms)
✔ identity holds for interior probabilities (0.134264ms)
✔ division guards do not show unstable conditional values (0.099554ms)
✔ invalid prices cannot become displayable numbers (0.165767ms)
✔ binary split and merge is an exact whole-pair roundtrip (0.406872ms)
✔ asset split and merge is an exact whole-pair roundtrip (0.181346ms)
✔ sub-micro pair amounts cannot extract rounding value (0.26628ms)
✔ merge requires both legs and is atomic on failure (0.277512ms)
✔ balance checks reject overspend without mutation (0.543877ms)
✔ stale quote fails after another trade (0.323231ms)
✔ slippage violation fails atomically (0.240635ms)
✔ minimum output must be positive and integer (0.310875ms)
✔ expired or fabricated distant-future quote rejected (0.220049ms)
✔ slippage configuration is bounded (0.233878ms)
✔ settlement pays only YES for both books (0.650541ms)
✔ settlement pays only NO for both books (0.341969ms)
✔ oracle S above cap pays cap and discloses residual (0.403203ms)
✔ oracle S below cap keeps disclosed residual locked (0.392971ms)
✔ zero asset settlement pays nothing (0.331344ms)
✔ settlement is final and closes mint, merge and trade (0.350659ms)
✔ oracle rejects malformed outcome and negative prices (0.174358ms)
✔ cannot claim before resolution (0.128264ms)
✔ 1000 alternating pure binary fills preserve or increase k (4.013973ms)
✔ 1000 asset fills preserve k and never drain token reserve (1.194423ms)
✔ mixed executed fills conserve all sandbox USDC and binary tokens (33.01449ms)
ℹ tests 43
ℹ suites 0
ℹ pass 43
ℹ fail 0
ℹ cancelled 0
ℹ skipped 0
ℹ todo 0
ℹ duration_ms 156.597585
